---
source: tests/snapshot_tests/tags.rs
expression: request
---
{
  "name": "New Tag",
  "color": "red"
}
