---
source: tests/snapshot_tests/spaces.rs
expression: request_empty
---
{}
