---
source: tests/snapshot_tests/members.rs
expression: "MemberStatus::Active"
---
"active"
