---
source: tests/snapshot_tests/search.rs
expression: "SortProperty::LastModifiedDate"
---
"last_modified_date"
