---
source: tests/snapshot_tests/types.rs
expression: "Color::Red"
---
"red"
