---
source: tests/snapshot_tests/types.rs
expression: "Color::Grey"
---
"grey"
