---
source: tests/snapshot_tests/types.rs
expression: "IconFormat::File"
---
"File"
