---
source: tests/snapshot_tests/types.rs
expression: "Format::MultiSelect"
---
"multi_select"
