---
source: tests/snapshot_tests/members.rs
expression: "MemberStatus::Joining"
---
"joining"
