---
source: tests/snapshot_tests/search.rs
expression: "SortProperty::LastOpenedDate"
---
"last_opened_date"
