---
source: tests/snapshot_tests/types.rs
expression: "Layout::Basic"
---
"basic"
