---
source: tests/snapshot_tests/tags.rs
expression: request_name_only
---
{
  "name": "Name Update",
  "color": null
}
