---
source: tests/snapshot_tests/type_module.rs
expression: "Layout::Participant"
---
"participant"
