---
source: tests/snapshot_tests/types.rs
expression: "Color::Yellow"
---
"yellow"
