---
source: tests/snapshot_tests/tags.rs
expression: request_no_color
---
{
  "name": "Simple Tag",
  "color": null
}
