---
source: tests/snapshot_tests/search.rs
expression: "SortDirection::Asc"
---
"asc"
