---
source: tests/snapshot_tests/types.rs
expression: "Color::Blue"
---
"blue"
