---
source: tests/snapshot_tests/properties.rs
expression: "PropertyFormat::MultiSelect"
---
"multi_select"
