---
source: tests/snapshot_tests/search.rs
expression: "SortProperty::Name"
---
"name"
