---
source: tests/snapshot_tests/search.rs
expression: "SortDirection::Desc"
---
"desc"
