---
source: tests/snapshot_tests/type_module.rs
expression: "Layout::Bookmark"
---
"bookmark"
