---
source: tests/snapshot_tests/types.rs
expression: "Format::Files"
---
"files"
