---
source: tests/snapshot_tests/properties.rs
expression: "PropertyFormat::Files"
---
"files"
