---
source: tests/snapshot_tests/errors.rs
expression: "format!(\"{:?}\", auth_error)"
---
Auth { message: "Unauthorized" }
