---
source: tests/snapshot_tests/types.rs
expression: "Color::Orange"
---
"orange"
