---
source: tests/snapshot_tests/properties.rs
expression: "PropertyFormat::Date"
---
"date"
